// Jest Snapshot v1, https://goo.gl/fbAQLP

exports[`WelcomeScreen should render 1`] = `
<WelcomeScreen
  start={[Function]}
  store={
    Object {
      "dispatch": [Function],
      "getState": [Function],
      "replaceReducer": [Function],
      "subscribe": [Function],
      Symbol(observable): [Function],
    }
  }
/>
`;
