// Jest Snapshot v1, https://goo.gl/fbAQLP

exports[`Header should render 1`] = `
<div
  className="header"
>
  <h2>
    React Quiz
  </h2>
</div>
`;
