// Jest Snapshot v1, https://goo.gl/fbAQLP

exports[`Layout should render 1`] = `
<div
  className="layout"
>
  <Header
    className="layout__main-header"
    homeNavigation={true}
  />
  <div
    className="layout__content"
  >
    Test
  </div>
  <Footer />
</div>
`;
